I/HiAction_XChannel.i-2307( 2809): handleHeartbeatReq(): received heartbeat response
I/HiAction_XChannel.HeartbeatService( 2809): releaseWakeLock(): 
I/HiAction_XChannel.HeartbeatService( 2809): releaseWakeLock(): succeed
I/HiAction_XChannel.k-2307( 2809): getFromMsgReqQueue(): 
V/BroadcastQueue( 1142): Finished with ordered broadcast BroadcastRecord{27a066d u10 com.huawei.hwsystemmanager.power.SCHEDULE_RECORD_REMAING_TIME_SCENE}
D/MSF.C.MonitorNetFlowStore(20741): write data lenth : 2468 | read data lenth : 510, has been stored.
D/MSF.C.MonitorNetFlowStore(20741): MonitorWriteDataThread End takeTimes=15
V/BroadcastQueue( 1142): Finished with ordered broadcast BroadcastRecord{c1d1831 u10 com.tencent.mm.TrafficStatsReceiver}
D/WorkSource( 2711): Insert in WorkSource{} @ 0 uid 10015 name com.google.android.gms
D/WorkSource( 2711): Insert in WorkSource{} @ 0 uid 10015 name com.google.android.gms
D/PGGoogleServicePolicy( 1142): prevent gms/gsf hold partial wakelock
D/BDLog   ( 2137): BD.BDCollector:Usagestats collectLocalInfo ok
I/GCM-GMS (15748): Registering GMS 745476177629
D/WorkSource( 2711): Insert in WorkSource{} @ 0 uid 10015 name com.google.android.gms
D/WorkSource( 2711): Insert in WorkSource{} @ 0 uid 10015 name com.google.android.gms
D/PGGoogleServicePolicy( 1142): prevent gms/gsf hold partial wakelock
V/BroadcastQueue( 1142): Finished with ordered broadcast BroadcastRecord{c547c08 u0 com.google.iid.TOKEN_REQUEST}
D/WorkSource( 2711): Insert in WorkSource{} @ 0 uid 10015 name com.google.android.gms
D/WorkSource( 2711): Insert in WorkSource{} @ 0 uid 1010015 name com.google.android.gms
D/PGGoogleServicePolicy( 1142): prevent gms/gsf hold partial wakelock
D/WorkSource( 2711): Insert in WorkSource{} @ 0 uid 10015 name com.google.android.gms
W/HwAlarmManagerService( 1142): isContainsAppUidInWorksource-->happend NameNotFoundException
E/GCM     ( 2711): Missing checkin config file
W/GCM     ( 2711): GCM FAILED TO INITIALIZE - missing checkin
D/PGGoogleServicePolicy( 1142): prevent gms/gsf hold partial wakelock
D/PGGoogleServicePolicy( 1142): prevent gms/gsf hold partial wakelock
D/SmartHeartBeat( 1142): isPendingPackage, false, pkg:com.android.deskclock, action:com.android.deskclock.ALARM_ALERT,not pending alarm with AlarmClockInfo
V/BroadcastQueue( 1142): Finished with ordered broadcast BroadcastRecord{9bdb987 u10 com.google.android.gms.gcm.ACTION_EXECUTE_TASK}
W/GCM-GMS (15748): Failed to get registration: java.io.IOException: AUTHENTICATION_FAILED
I/IntelligentProvider(31358): Provider.call: storePrefString
I/IntelligentProvider(31358): Provider.call: storePrefString
D/WorkSource( 2711): Insert in WorkSource{} @ 0 uid 10015 name com.google.android.gms
D/WorkSource( 2711): Insert in WorkSource{} @ 0 uid 10015 name com.google.android.gms
D/PGGoogleServicePolicy( 1142): prevent gms/gsf hold partial wakelock
I/TrafficMonitor( 1142): update:rxPkts:18,txPkts:37,rxBytes:8678,txBytes:5084
I/TrafficMonitor( 1142): start expired. level:-1
I/TrafficMonitor( 1142): gettimer:interval=2000
D/WorkSource( 2711): Insert in WorkSource{} @ 0 uid 10015 name com.google.android.gms
W/HwAlarmManagerService( 1142): isContainsAppUidInWorksource-->happend NameNotFoundException
D/CalendarSync(31358): syncCalendar end!
I/PlaceRecognitionService(31358): work start startId : 3001
I/PlaceRecognitionService(31358): doCommand cmdType = 4
I/IntelligentProvider(31358): Provider.call: getPrefBoolean
I/chatty  (31358): uid=10020(u0_a20) PlaceRecognitio identical 1 line
I/IntelligentProvider(31358): Provider.call: getPrefBoolean
I/PRController(31358): POSITION_CLUSTER doWork
I/PositionCluster(31358): deleteTheOutdatedStayPoint outdatedDay = 2018-11-17 00:03:31
D/PGGoogleServicePolicy( 1142): prevent gms/gsf hold partial wakelock
D/SmartHeartBeat( 1142): isPendingPackage, false, pkg:com.android.deskclock, action:com.android.deskclock.ALARM_ALERT,not pending alarm with AlarmClockInfo
D/WorkSource( 2711): Insert in WorkSource{} @ 0 uid 10015 name com.google.android.gms
W/HwAlarmManagerService( 1142): isContainsAppUidInWorksource-->happend NameNotFoundException
D/PGGoogleServicePolicy( 1142): prevent gms/gsf hold partial wakelock
D/SmartHeartBeat( 1142): isPendingPackage, false, pkg:com.android.deskclock, action:com.android.deskclock.ALARM_ALERT,not pending alarm with AlarmClockInfo
I/NetRec  ( 2711): [153261] aeqv.a: Refreshing scores for 150 networks.
D/WorkSource( 2711): Insert in WorkSource{} @ 0 uid 10015 name com.google.android.gms
D/WorkSource( 2711): Insert in WorkSource{} @ 0 uid 10015 name com.google.android.gms
D/PGGoogleServicePolicy( 1142): prevent gms/gsf hold partial wakelock
I/IntelligentProvider(31358): Provider.call: getPrefAll
I/IntelligentProvider(31358): Provider.call: removePrefList
D/WorkSource( 2711): Insert in WorkSource{} @ 0 uid 10015 name com.google.android.gms
W/HwAlarmManagerService( 1142): isContainsAppUidInWorksource-->happend NameNotFoundException
W/libc    (  747): Set property "hw.wifi.dns_stat" to "338,28,5019,1,10240"
D/HwConnectivityManagerImpl( 1142): sendIntentDnsEvent connectType 1
D/HwConnectivityManagerImpl( 1142): sendIntentDnsEvent mDnsCount:100 mDnsIpv6Timeout:0 mDnsResponseTotalTime:1491 mDnsFailCount:0 mDnsResponse20Count:82 mDnsResponse150Count:18 mDnsResponse500Count:0 mDnsResponse1000Count:0 mDnsResponse2000Count:0 mDnsResponseOver2000Count:0
W/ContextImpl( 1142): Calling a method in the system process without a qualified user: android.app.ContextImpl.sendBroadcast:1095 com.android.server.HwConnectivityManagerImpl.sendIntentDnsEvent:726 com.android.server.HwConnectivityManagerImpl.onDnsEvent:629 com.android.server.connectivity.NetdEventListenerService.onDnsEvent:127 android.net.metrics.INetdEventListener$Stub.onTransact:69 
W/ActivityManager( 1142): Sending non-protected broadcast com.intent.action.wifi_dns_statistics from system 1142:system/1000 pkg android
W/ActivityManager( 1142): Sending non-protected broadcast com.intent.action.wifi_dns_statistics from system 1142:system/1000 pkg android
D/HwWifiStatStore( 1142): handleMessage : 2012
D/HwWifiStatStore( 1142): handleWifiDnsStatReport data is: Bundle[{dnsIpv6Timeout=0, dnsResponse2000Count=0, dnsResponse500Count=0, dnsResponse20Count=82, dnsFailCount=0, dnsCount=100, dnsResponse1000Count=0, dnsResponse150Count=18, dnsResponseOver2000Count=0, dnsResponseTotalTime=1491}]
I/NetRec  ( 2711): [153262] aeqv.a: Refreshing scores for 150 networks.
D/PositionCluster(31358): DBSCAN cluster start! size : 20
D/PositionCluster(31358): DBSCAN cluster end !
E/PositionCluster(31358): no cluster is found!
D/PositionCluster(31358): DBSCAN cluster start! size : 1348
D/HwWifiStatStore( 1142): handleMessage : 200
E/WifiHAL (  529): enter wifi_get_link_stats
E/wificond(  750): Failed to get NL80211_STA_INFO_CNAHLOAD
E/WificondControl( 1142): Noise: -88, Snr: 0, Chload: -1
D/HwWifiCHRStateManager( 1142): handleMessage : 1001
D/HwWifiCHRStateManager( 1142): handleUpdateChannel:2442
V/HwWifiServiceFactory( 1142): get AllImpl object = com.android.server.wifi.HwWifiServiceFactoryImpl@fa23fe8
D/WifiScoreReport( 1142): Score = 100, wifiConnectivityManagerEnabled = false, lowScoreCount = 0
D/SensorHub(  527): batch called handle:3 sample_ns:300000000 latency_ns:0
D/SensorHub(  527): in batch, handle = 3, flags = 0, period_ns = 300000000, timeout = 0
E/WificondControl( 1142): Noise: -88, Snr: 0, Chload: -1
D/HwWifiCHRStateManager( 1142): handleMessage : 1001
D/HwWifiCHRStateManager( 1142): handleUpdateChannel:2442
V/HwWifiServiceFactory( 1142): get AllImpl object = com.android.server.wifi.HwWifiServiceFactoryImpl@fa23fe8
D/HuaweiWifiWatchdogStateMachine( 1142): LM mrssi=-42
D/HuaweiWifiWatchdogStateMachine( 1142): 38:e3:**:**:0c:db current loss[-45]=0%, volume=69
D/HuaweiWifiWatchdogStateMachine( 1142): 38:e3:**:**:0c:db history loss[-45]=0.19%, volume=1914652
I/HuaweiWifiWatchdogStateMachine( 1142): spd good count:0, add sc:0.0, rate:1.0
I/HuaweiWifiWatchdogStateMachine( 1142): current mHighDataFlowRate = 1.0
I/HuaweiWifiWatchdogStateMachine( 1142): POta txb txg rxg:0, 69, 0. Lr =0% Totpkt=69
D/WiFi_PRO( 1142): MSG_RETURN_AP_CURRY_RSSI rssi = -42
I/QosMonitor( 1142): queryRtt: rtt_type = 3
I/HwQoEJNI( 1142): send_cmd_kernel. begin
I/HwQoEJNI( 1142): send_cmd_kernel. end
I/QosMonitor( 1142): postEventFromNative: msg=100,arg1=4,arg2=10
I/HwQoEJNI( 1142): send_cmd_kernel. begin
I/HwQoEJNI( 1142): send_cmd_kernel. end
I/QosMonitor( 1142): postEventFromNative: msg=100,arg1=0,arg2=10
D/HuaweiWifiWatchdogStateMachine( 1142): 38:e3:**:**:0c:db current RTT[-45]=220, volume=13
D/HuaweiWifiWatchdogStateMachine( 1142): 38:e3:**:**:0c:db history RTT[-45]=263, volume=213965
D/HuaweiWifiWatchdogStateMachine( 1142): setSampleRtt: rtt=220,rtt_pkts =13,rtt_when=0
I/MQoS    ( 1142): rtt=220,tcp_tx_pkts=8640804,tcp_rx_pkts=13542185
I/QosMonitor( 1142): resetRtt: rtt_type = 3
I/HwQoEJNI( 1142): send_cmd_kernel. begin
I/HwQoEJNI( 1142): send_cmd_kernel. end
D/HuaweiWifiWatchdogStateMachine( 1142): dumpTcpResult: len=10,rtt=220,rttPkt=13,rttWn=0,cgt=16,cgtWn=203629726
I/HuaweiWifiWatchdogStateMachine( 1142): PTcp RTT:220, rtt pkt=13, tcp_rx=26, tcp_tx=57, tcp_reTran=0, rtRate=0
D/HuaweiWifiWatchdogStateMachine( 1142): isRttGood is good, AvgRtt = 220, TotPkt = 13
D/HuaweiWifiWatchdogStateMachine( 1142): mRssiBadCount =0, RSSI not bad.
D/HuaweiWifiWatchdogStateMachine( 1142): detectNetworkAvailable:hw.wifipro.dns_fail_count = 28711
D/HuaweiWifiWatchdogStateMachine( 1142): detectNetworkAvailable: tcpRxPkts != 0, reset
I/HuaweiWifiWatchdogStateMachine( 1142): rs ota tcp lr rttvb bad: false, false, false, false, false; rsth:-75
D/HuaweiWifiWatchdogStateMachine( 1142): GSC:0, GSR:1.0, RSR:1.0, RTH:-75
D/HuaweiWifiWatchdogStateMachine( 1142): bqeLevel = 3 rtt=220,rtt_pkts=13 speed=2185 rssi=-42
D/HuaweiWifiWatchdogStateMachine( 1142): Enter updateQoeLevel level = 3
D/HuaweiWifiWatchdogStateMachine( 1142): Leave updateQoeLevel level = 3
I/HuaweiWifiWatchdogStateMachine( 1142):  pkt chk not bad, reset sc to 0.
D/HuaweiWifiWatchdogStateMachine( 1142): ### mPktChkBadCnt=0
D/WiFi_PRO_WifiProStateMachine( 1142): onWifiBqeDetectionResult =  3
D/WiFi_PRO_WifiProStateMachine( 1142): "ChinaNet-bvzs"  TCPRTT  level = 3
D/HwWifiConnectivityMonitor( 1142): ENTER: notifyTopUidTcpInfo, tx = 30, rx = 24, reTx = 0, uid = 10408, tr = 0.0
D/HwWifiConnectivityMonitor( 1142): ENTER: notifyTopUidTcpInfo, rtt = 216, rttPkts = 11, aveRtt = 19.636364, app = com.yaya.zone
D/HwUidTcpMonitor( 1142): parseWlanUidTcpStatistics lastUidTcpStatInfo = [ mUid = 10408 mPacketName = com.yaya.zone mSendSegs = 1127 mResendSegs = 2 mRcvSegs = 1093 ]
D/HwUidTcpMonitor( 1142): parseWlanUidTcpStatistics lastUidTcpStatInfo = [ mUid = 10376 mPacketName = com.tencent.wework mSendSegs = 619 mResendSegs = 7 mRcvSegs = 551 ]
D/HwUidTcpMonitor( 1142): parseWlanUidTcpStatistics lastUidTcpStatInfo = [ mUid = 10091 mPacketName = com.huawei.hiaction.share_user:10091 mSendSegs = 71 mResendSegs = 0 mRcvSegs = 53 ]
D/HwWifiConnectivityMonitor( 1142): handleTopUidInternetStatusChanged, uid = 10408, status = 0
I/MQoS    ( 1142): QOS_level:3(3),wifi-link;use signalLvl:3;RAT:4G
D/WiFi_PRO_EvaluateController( 1142): "ChinaNet-bvzs",crurrent Signal =  4, last  Signal = 4, isSemiAuto, last evaluate is Valid
D/WiFi_PRO_WifiProStateMachine( 1142): updateWifiQosLevel, mCurrentSsid: "ChinaNet-bvzs" ,isWiFiNoInternet: false, qosLevel: 3
D/WiFi_PRO_EvaluateController( 1142): internetAccessType not change, can not update
D/WiFi_PRO_EvaluateController( 1142): updateEvaluate Level  succeed!.new Level = 3
D/WifiConfigStore( 1142): Writing to stores completed in 4 ms.
W/NetRec  ( 2711): [153261] aeqv.a: Unexpected exception com.android.volley.NoConnectionError: java.net.ConnectException: Failed to connect to mobilenetworkscoring-pa.googleapis.com/216.58.200.10:443 while waiting for score updates (com.android.volley.NoConnectionError: java.net.ConnectException: Failed to connect to mobilenetworkscoring-pa.googleapis.com/216.58.200.10:443). Rescheduling.
I/NetRec  ( 2711): [153261] aeqv.a: Still entries pending update, scheduling new rapid_refresh_scores_task refresh.
I/NetRec  ( 2711): [153261] aeqv.a: Completed rapid_refresh_scores_task score refresh task in 1087 ms, returning 1
V/BroadcastQueue( 1142): Finished with ordered broadcast BroadcastRecord{922f738 u0 com.google.android.gms.gcm.ACTION_SCHEDULE}
W/NetRec  ( 2711): [153262] aeqv.a: Unexpected exception com.android.volley.NoConnectionError: java.net.ConnectException: Failed to connect to mobilenetworkscoring-pa.googleapis.com/216.58.200.10:443 while waiting for score updates (com.android.volley.NoConnectionError: java.net.ConnectException: Failed to connect to mobilenetworkscoring-pa.googleapis.com/216.58.200.10:443). Rescheduling.
I/NetRec  ( 2711): [153262] aeqv.a: Still entries pending update, scheduling new refresh_scores_task refresh.
I/NetRec  ( 2711): [153262] aeqv.a: Completed refresh_scores_task score refresh task in 1074 ms, returning 1
V/BroadcastQueue( 1142): Finished with ordered broadcast BroadcastRecord{8868311 u0 com.google.android.gms.gcm.ACTION_SCHEDULE}
